
> frontend@0.1.0 dev
> next dev

▲ Next.js 16.2.10 (Turbopack)
- Local:         http://localhost:3000
- Network:       http://192.168.68.101:3000
- Environments: .env.local
✓ Ready in 1685ms

 GET / 200 in 484ms (next.js: 256ms, application-code: 229ms)
 GET / 200 in 72ms (next.js: 10ms, application-code: 62ms)
 GET /upload 200 in 94ms (next.js: 61ms, application-code: 33ms)
 GET /upload 200 in 290ms (next.js: 120ms, application-code: 171ms)
 GET /wizard 200 in 273ms (next.js: 185ms, application-code: 88ms)
 GET /assumptions 200 in 95ms (next.js: 61ms, application-code: 34ms)
 GET /results 200 in 101ms (next.js: 67ms, application-code: 34ms)
✓ Compiled in 377ms
 GET /results 200 in 723ms (next.js: 488ms, application-code: 234ms)
 GET /results 200 in 136ms (next.js: 7ms, application-code: 130ms)
✓ Compiled in 84ms
 GET /results 200 in 272ms (next.js: 115ms, application-code: 157ms)
 GET /results 200 in 118ms (next.js: 10ms, application-code: 108ms)
✓ Compiled in 64ms
 GET /results 200 in 353ms (next.js: 109ms, application-code: 244ms)
 GET /results 200 in 202ms (next.js: 21ms, application-code: 181ms)
✓ Compiled in 182ms
✓ Compiled in 720ms
 GET /results 200 in 1815ms (next.js: 1335ms, application-code: 480ms)
 GET /results 200 in 347ms (next.js: 87ms, application-code: 260ms)
 GET /results 200 in 228ms (next.js: 35ms, application-code: 193ms)
 GET /results 200 in 227ms (next.js: 174ms, application-code: 54ms)
 GET /results 200 in 239ms (next.js: 10ms, application-code: 228ms)
✓ Compiled in 130ms
 GET /results 200 in 283ms (next.js: 70ms, application-code: 213ms)
 GET /results 200 in 175ms (next.js: 13ms, application-code: 162ms)
 GET /results 200 in 106ms (next.js: 9ms, application-code: 97ms)
 GET /results 200 in 106ms (next.js: 42ms, application-code: 64ms)
 GET /results 200 in 106ms (next.js: 74ms, application-code: 33ms)
✓ Compiled in 88ms
 GET /results 200 in 180ms (next.js: 70ms, application-code: 110ms)
 GET /results 200 in 241ms (next.js: 16ms, application-code: 225ms)
 GET /results 200 in 180ms (next.js: 40ms, application-code: 140ms)
 GET /results 200 in 182ms (next.js: 10ms, application-code: 172ms)
 GET /results 200 in 183ms (next.js: 72ms, application-code: 111ms)
 GET /results 200 in 184ms (next.js: 101ms, application-code: 83ms)
 GET /results 200 in 101ms (next.js: 9ms, application-code: 92ms)
 GET /results 200 in 240ms (next.js: 15ms, application-code: 226ms)
 GET /results 200 in 191ms (next.js: 10ms, application-code: 181ms)
 GET /results 200 in 191ms (next.js: 79ms, application-code: 112ms)
 GET /results 200 in 194ms (next.js: 44ms, application-code: 150ms)
 GET /results 200 in 232ms (next.js: 118ms, application-code: 114ms)
 GET /results 200 in 163ms (next.js: 9ms, application-code: 154ms)
 GET /results 200 in 130ms (next.js: 10ms, application-code: 120ms)
 GET /results 200 in 88ms (next.js: 11ms, application-code: 77ms)
 GET /results 200 in 89ms (next.js: 41ms, application-code: 48ms)
✓ Compiled in 111ms
 GET /results 200 in 125ms (next.js: 94ms, application-code: 31ms)
✓ Compiled in 144ms
 GET /results 500 in 2.1s (next.js: 1835ms, application-code: 298ms)
 GET /results 500 in 45ms (next.js: 28ms, application-code: 16ms)
 GET /results 500 in 41ms (next.js: 20ms, application-code: 20ms)
 GET / 500 in 89ms (next.js: 74ms, application-code: 14ms)
 GET /upload 500 in 86ms (next.js: 74ms, application-code: 12ms)
 GET /wizard 500 in 82ms (next.js: 68ms, application-code: 14ms)
 GET /assumptions 500 in 93ms (next.js: 79ms, application-code: 14ms)
 GET /results 500 in 33ms (next.js: 21ms, application-code: 11ms)
 GET /pengaturan 500 in 1010ms (next.js: 986ms, application-code: 24ms)
✓ Compiled in 207ms
 GET /results 200 in 431ms (next.js: 201ms, application-code: 230ms)
 GET /results 200 in 59ms (next.js: 9ms, application-code: 50ms)
 GET / 200 in 77ms (next.js: 31ms, application-code: 47ms)
 GET /upload 200 in 80ms (next.js: 31ms, application-code: 49ms)
 GET /wizard 200 in 74ms (next.js: 28ms, application-code: 46ms)
 GET /assumptions 200 in 73ms (next.js: 26ms, application-code: 47ms)
 GET /results 200 in 43ms (next.js: 7ms, application-code: 36ms)
 GET /pengaturan 200 in 82ms (next.js: 31ms, application-code: 51ms)
 GET / 200 in 47ms (next.js: 9ms, application-code: 37ms)
 GET /pengaturan 200 in 45ms (next.js: 6ms, application-code: 39ms)
 GET / 200 in 159ms (next.js: 37ms, application-code: 122ms)
 GET /pengaturan 200 in 182ms (next.js: 45ms, application-code: 137ms)
 GET / 200 in 152ms (next.js: 61ms, application-code: 91ms)
 GET /upload 200 in 57ms (next.js: 23ms, application-code: 34ms)
 GET /wizard 200 in 44ms (next.js: 19ms, application-code: 26ms)
 GET /assumptions 200 in 42ms (next.js: 16ms, application-code: 26ms)
✓ Compiled in 599ms
 GET /assumptions 200 in 1822ms (next.js: 1027ms, application-code: 795ms)
 GET /assumptions 200 in 486ms (next.js: 80ms, application-code: 406ms)
 GET /assumptions 200 in 379ms (next.js: 11ms, application-code: 369ms)
 GET /assumptions 200 in 379ms (next.js: 56ms, application-code: 323ms)
 GET /assumptions 200 in 381ms (next.js: 93ms, application-code: 288ms)
 GET /assumptions 200 in 382ms (next.js: 127ms, application-code: 255ms)
 GET /assumptions 200 in 87ms (next.js: 52ms, application-code: 35ms)
 GET /assumptions 200 in 148ms (next.js: 117ms, application-code: 31ms)
 GET /assumptions 200 in 155ms (next.js: 13ms, application-code: 142ms)
 GET /assumptions 200 in 394ms (next.js: 9ms, application-code: 384ms)
✓ Compiled in 198ms
 GET /assumptions 200 in 181ms (next.js: 127ms, application-code: 54ms)
✓ Compiled in 100ms
✓ Compiled in 98ms
 GET /assumptions 200 in 133ms (next.js: 80ms, application-code: 53ms)
✓ Compiled in 270ms
 GET /assumptions 200 in 166ms (next.js: 73ms, application-code: 93ms)
 GET /assumptions 200 in 57ms (next.js: 9ms, application-code: 47ms)
✓ Compiled in 643ms
 GET /assumptions 200 in 291ms (next.js: 146ms, application-code: 145ms)
 GET /assumptions 200 in 64ms (next.js: 14ms, application-code: 51ms)
✓ Compiled in 164ms
 GET /assumptions 200 in 391ms (next.js: 158ms, application-code: 233ms)
 GET /assumptions 200 in 152ms (next.js: 37ms, application-code: 115ms)
 GET / 200 in 180ms (next.js: 140ms, application-code: 40ms)
✓ Compiled in 345ms
 GET / 200 in 171ms (next.js: 80ms, application-code: 90ms)
 GET / 200 in 46ms (next.js: 7ms, application-code: 38ms)
 GET / 200 in 160ms (next.js: 102ms, application-code: 58ms)
 GET / 200 in 301ms (next.js: 11ms, application-code: 290ms)
 GET /upload 200 in 309ms (next.js: 162ms, application-code: 148ms)
 GET /wizard 200 in 309ms (next.js: 164ms, application-code: 145ms)
 GET /assumptions 200 in 107ms (next.js: 46ms, application-code: 61ms)
 GET /results 200 in 334ms (next.js: 150ms, application-code: 184ms)
 GET /pengaturan 200 in 306ms (next.js: 149ms, application-code: 157ms)
 GET / 200 in 84ms (next.js: 13ms, application-code: 71ms)
✓ Compiled in 608ms
✓ Compiled in 645ms
✓ Compiled in 780ms
 GET / 500 in 793ms (next.js: 484ms, application-code: 309ms)
 GET / 500 in 77ms (next.js: 35ms, application-code: 41ms)
 GET / 500 in 117ms (next.js: 46ms, application-code: 71ms)
 GET / 500 in 151ms (next.js: 101ms, application-code: 50ms)
 GET / 500 in 260ms (next.js: 219ms, application-code: 41ms)
 GET / 500 in 285ms (next.js: 239ms, application-code: 46ms)
 GET / 500 in 305ms (next.js: 262ms, application-code: 42ms)
 GET / 500 in 96ms (next.js: 46ms, application-code: 50ms)
 GET /upload 500 in 369ms (next.js: 327ms, application-code: 42ms)
 GET /wizard 500 in 306ms (next.js: 264ms, application-code: 42ms)
 GET /assumptions 500 in 315ms (next.js: 268ms, application-code: 46ms)
 GET /results 500 in 305ms (next.js: 260ms, application-code: 45ms)
 GET /pengaturan 500 in 306ms (next.js: 260ms, application-code: 46ms)
 GET / 500 in 81ms (next.js: 29ms, application-code: 52ms)
✓ Compiled in 1621ms
 GET / 200 in 1877ms (next.js: 502ms, application-code: 1375ms)
 GET / 200 in 174ms (next.js: 23ms, application-code: 151ms)
 GET /upload 200 in 286ms (next.js: 97ms, application-code: 190ms)
 GET /wizard 200 in 291ms (next.js: 95ms, application-code: 196ms)
 GET /assumptions 200 in 289ms (next.js: 103ms, application-code: 186ms)
 GET /results 200 in 274ms (next.js: 85ms, application-code: 189ms)
 GET /pengaturan 200 in 254ms (next.js: 65ms, application-code: 189ms)
 GET / 200 in 168ms (next.js: 20ms, application-code: 147ms)
 GET /pengaturan 200 in 160ms (next.js: 17ms, application-code: 143ms)
